2026-04-20 10:42:52,444 | INFO | ======================================================================
2026-04-20 10:42:52,444 | INFO | SYNTHETIC DATA GENERATION v3 -- CTGAN + CORRECTED POST-PROCESSING
2026-04-20 10:42:52,444 | INFO | Started : 2026-04-20 10:42:52
2026-04-20 10:42:52,444 | INFO | ======================================================================
2026-04-20 10:42:52,444 | INFO | 
============================================================
2026-04-20 10:42:52,444 | INFO | STEP 1 -- Loading real training data
2026-04-20 10:42:52,444 | INFO | ============================================================
2026-04-20 10:42:52,480 | INFO |   Shape   : (2530, 226)
2026-04-20 10:42:52,508 | INFO |   Patients: 2,530
2026-04-20 10:42:52,508 | INFO |   Sepsis prevalence: 0.2731
2026-04-20 10:42:52,528 | INFO |   Discrete columns: 41
2026-04-20 10:42:52,528 | INFO | 
Loading saved CTGAN model (--skip_ctgan)...
2026-04-20 10:42:57,675 | INFO | 
============================================================
2026-04-20 10:42:57,675 | INFO | STEP 3 -- Generating raw synthetic data
2026-04-20 10:42:57,675 | INFO | ============================================================
2026-04-20 10:42:59,388 | INFO |   Generated 10,000 rows in 0.0 min
2026-04-20 10:42:59,388 | INFO |   Raw prevalence: 0.1671 (real: 0.2731)
2026-04-20 10:42:59,515 | INFO | 
============================================================
2026-04-20 10:42:59,515 | INFO | STEP 4 -- Post-processing (v3 corrected pipeline)
2026-04-20 10:42:59,515 | INFO | ============================================================
2026-04-20 10:42:59,515 | INFO | 
[Step A] Joint group resampling (KS threshold: 0.1)...
2026-04-20 10:43:34,372 | INFO |   joint_resample_groups: resampled 40/40 groups.
2026-04-20 10:43:34,372 | INFO | 
[Step B] Sort pass (max >= mean >= min)...
2026-04-20 10:43:34,435 | INFO |   sort_max_mean_min: done. Remaining violations: 0
2026-04-20 10:43:34,437 | INFO | 
[Step C] Quantile mapping (KS threshold: 0.15)...
2026-04-20 10:43:50,789 | INFO |   quantile_map_drifted_columns: mapped 96 columns (KS > 0.15).
2026-04-20 10:43:50,803 | INFO | 
[Step D] Light swap fix (preserve marginals after quantile map)...
2026-04-20 10:43:50,879 | INFO |   light_swap_fix: swapped 31407 max/min pairs. Remaining violations: 0
2026-04-20 10:43:50,881 | INFO | 
[Fix] Care unit one-hot exclusivity...
2026-04-20 10:43:50,896 | INFO |   care_unit_onehot: fixed 3049 multi-unit rows.
2026-04-20 10:43:51,810 | INFO |   care_unit_onehot: fixed 2439 zero-unit rows.
2026-04-20 10:43:51,810 | INFO |   care_unit_onehot: 0 violations remain.
2026-04-20 10:43:51,810 | INFO | 
[Fix] Label prevalence matching...
2026-04-20 10:43:51,831 | INFO |   label_prevalence: adjusted by 1060 rows -> 0.2731
2026-04-20 10:43:51,833 | INFO | 
[Fix] Gender prevalence matching...
2026-04-20 10:43:51,839 | INFO |   gender_prevalence: adjusted -> 0.5929 (target: 0.5929)
2026-04-20 10:43:51,910 | INFO | 
============================================================
2026-04-20 10:43:51,910 | INFO | STEP 5 -- Saving synthetic dataset
2026-04-20 10:43:51,910 | INFO | ============================================================
2026-04-20 10:43:52,610 | INFO |   Saved -> D:\pediatric-sepsis-PIC\model_datasets\synthetic\B_synthetic_train_v3.csv  (10000, 226)
2026-04-20 10:43:52,610 | INFO | 
============================================================
2026-04-20 10:43:52,610 | INFO | STEP 6 -- Validation
2026-04-20 10:43:52,610 | INFO | ============================================================
2026-04-20 10:43:53,644 | INFO | 
  KS SUMMARY (continuous features):
2026-04-20 10:43:53,644 | INFO |     KS <= 0.05 (good)   : 149 (81%)
2026-04-20 10:43:53,644 | INFO |     KS 0.05-0.10 (ok)   : 19   (10%)
2026-04-20 10:43:53,644 | INFO |     KS > 0.10 (concern) : 17 (9%)
2026-04-20 10:43:53,644 | INFO |     Mean KS             : 0.0331
2026-04-20 10:43:53,644 | INFO |     Median KS           : 0.0223
2026-04-20 10:43:53,660 | INFO |   Structural integrity: PASS (0 violations)
2026-04-20 10:43:53,660 | INFO |   Label prevalence : 0.2731 (real: 0.2731)
2026-04-20 10:43:53,660 | INFO |   Gender male rate : 0.5929 (real: 0.5929)
2026-04-20 10:43:53,660 | INFO | 
  Top 10 remaining concern features:
2026-04-20 10:43:53,662 | INFO |     urine_output_per_hour                    KS=0.1489  real_mean=0.431  synth_mean=0.038
2026-04-20 10:43:53,662 | INFO |     urea_first                               KS=0.1482  real_mean=4.344  synth_mean=4.330
2026-04-20 10:43:53,662 | INFO |     crp_min                                  KS=0.1450  real_mean=19.461  synth_mean=18.981
2026-04-20 10:43:53,662 | INFO |     inr_first                                KS=0.1399  real_mean=1.174  synth_mean=1.168
2026-04-20 10:43:53,663 | INFO |     pt_mean                                  KS=0.1389  real_mean=13.815  synth_mean=13.818
2026-04-20 10:43:53,663 | INFO |     alt_mean                                 KS=0.1388  real_mean=66.042  synth_mean=65.222
2026-04-20 10:43:53,663 | INFO |     pt_first                                 KS=0.1386  real_mean=14.007  synth_mean=13.975
2026-04-20 10:43:53,663 | INFO |     ptt_max                                  KS=0.1377  real_mean=37.885  synth_mean=38.167
2026-04-20 10:43:53,663 | INFO |     ptt_first                                KS=0.1358  real_mean=36.688  synth_mean=36.729
2026-04-20 10:43:53,663 | INFO |     crp_mean                                 KS=0.1353  real_mean=23.055  synth_mean=22.783
2026-04-20 10:43:55,484 | INFO |   Saved -> D:\pediatric-sepsis-PIC\model_datasets\synthetic\figures_v3\distribution_comparison_v3.png
2026-04-20 10:43:55,705 | INFO |   Saved -> D:\pediatric-sepsis-PIC\model_datasets\synthetic\figures_v3\ks_summary_v3.png
2026-04-20 10:43:55,707 | INFO | 
======================================================================
2026-04-20 10:43:55,707 | INFO | SYNTHETIC DATA GENERATION v3 COMPLETE
2026-04-20 10:43:55,707 | INFO | ======================================================================
2026-04-20 10:43:55,707 | INFO |   Output : D:\pediatric-sepsis-PIC\model_datasets\synthetic\B_synthetic_train_v3.csv
2026-04-20 10:43:55,707 | INFO |   Shape  : (10000, 226)
2026-04-20 10:43:55,707 | INFO |   Time   : 1.1 min
2026-04-20 10:43:55,707 | INFO | ======================================================================
