2026-04-19 18:45:45,646 | INFO | ======================================================================
2026-04-19 18:45:45,647 | INFO | SYNTHETIC DATA GENERATION — CTGAN
2026-04-19 18:45:45,647 | INFO | Started : 2026-04-19 18:45:45
2026-04-19 18:45:45,649 | INFO | ======================================================================
2026-04-19 18:45:45,649 | INFO |   n_synthetic : 10,000
2026-04-19 18:45:45,649 | INFO |   epochs      : 300
2026-04-19 18:45:45,650 | INFO |   batch_size  : 500
2026-04-19 18:45:45,650 | INFO |   seed        : 42
2026-04-19 18:45:45,651 | INFO | 
2026-04-19 18:45:45,651 | INFO | NOTE: CTGAN runs on CPU only. This is expected behaviour.
2026-04-19 18:45:45,651 | INFO |       Estimated runtime: 25–50 min depending on your machine.
2026-04-19 18:45:45,653 | INFO |       Progress will be printed every 50 epochs.
2026-04-19 18:45:45,654 | INFO | 
============================================================
2026-04-19 18:45:45,654 | INFO | STEP 1 — Loading real training data
2026-04-19 18:45:45,654 | INFO | ============================================================
2026-04-19 18:45:46,102 | INFO |   Loaded : (2530, 226)
2026-04-19 18:45:46,102 | INFO |   Patients : 2,530
2026-04-19 18:45:46,102 | INFO |   Features : 225
2026-04-19 18:45:46,119 | INFO |   Sepsis prevalence : 27.3%  (691 sepsis / 1839 non-sepsis)
2026-04-19 18:45:46,209 | INFO |   Discrete columns identified : 41 (binary features + label)
2026-04-19 18:45:46,210 | INFO |   Continuous columns          : 185
2026-04-19 18:45:46,210 | INFO | 
============================================================
2026-04-19 18:45:46,210 | INFO | STEP 2 — Importing CTGAN
2026-04-19 18:45:46,211 | INFO | ============================================================
2026-04-19 18:45:51,424 | INFO |   CTGAN imported successfully from ctgan package.
2026-04-19 18:45:51,424 | INFO | 
============================================================
2026-04-19 18:45:51,424 | INFO | STEP 3 — Training CTGAN
2026-04-19 18:45:51,425 | INFO | ============================================================
2026-04-19 18:45:51,425 | INFO |   Training on 2,530 real patients × 226 columns
2026-04-19 18:45:51,425 | INFO |   Epochs     : 300
2026-04-19 18:45:51,425 | INFO |   Batch size : 500
2026-04-19 18:45:51,425 | INFO | 
2026-04-19 18:45:51,426 | INFO |   [Progress will be printed by CTGAN internally every few epochs]
2026-04-19 18:45:51,426 | INFO |   [If you see no output for 5+ minutes, it IS running — be patient]
2026-04-19 18:45:52,256 | INFO | Guidance: There are no missing values in column age_years. Extra column not created.
2026-04-19 18:46:12,699 | INFO | Guidance: There are no missing values in column lactate_max. Extra column not created.
2026-04-19 18:46:13,132 | INFO | Guidance: There are no missing values in column lactate_min. Extra column not created.
2026-04-19 18:46:13,537 | INFO | Guidance: There are no missing values in column lactate_mean. Extra column not created.
2026-04-19 18:46:13,931 | INFO | Guidance: There are no missing values in column lactate_first. Extra column not created.
2026-04-19 18:46:14,461 | INFO | Guidance: There are no missing values in column platelets_max. Extra column not created.
2026-04-19 18:46:14,844 | INFO | Guidance: There are no missing values in column platelets_min. Extra column not created.
2026-04-19 18:46:15,257 | INFO | Guidance: There are no missing values in column platelets_mean. Extra column not created.
2026-04-19 18:46:15,646 | INFO | Guidance: There are no missing values in column platelets_first. Extra column not created.
2026-04-19 18:46:16,007 | INFO | Guidance: There are no missing values in column inr_max. Extra column not created.
2026-04-19 18:46:16,392 | INFO | Guidance: There are no missing values in column inr_min. Extra column not created.
2026-04-19 18:46:16,824 | INFO | Guidance: There are no missing values in column inr_mean. Extra column not created.
2026-04-19 18:46:17,218 | INFO | Guidance: There are no missing values in column inr_first. Extra column not created.
2026-04-19 18:46:17,681 | INFO | Guidance: There are no missing values in column ddimer_max. Extra column not created.
2026-04-19 18:46:18,068 | INFO | Guidance: There are no missing values in column ddimer_min. Extra column not created.
2026-04-19 18:46:18,422 | INFO | Guidance: There are no missing values in column ddimer_mean. Extra column not created.
2026-04-19 18:46:18,631 | INFO | Guidance: There are no missing values in column ddimer_first. Extra column not created.
2026-04-19 18:46:18,988 | INFO | Guidance: There are no missing values in column fibrinogen_max. Extra column not created.
2026-04-19 18:46:19,370 | INFO | Guidance: There are no missing values in column fibrinogen_min. Extra column not created.
2026-04-19 18:46:19,765 | INFO | Guidance: There are no missing values in column fibrinogen_mean. Extra column not created.
2026-04-19 18:46:20,184 | INFO | Guidance: There are no missing values in column fibrinogen_first. Extra column not created.
2026-04-19 18:46:20,596 | INFO | Guidance: There are no missing values in column creatinine_max. Extra column not created.
2026-04-19 18:46:20,992 | INFO | Guidance: There are no missing values in column creatinine_min. Extra column not created.
2026-04-19 18:46:21,347 | INFO | Guidance: There are no missing values in column creatinine_mean. Extra column not created.
2026-04-19 18:46:21,798 | INFO | Guidance: There are no missing values in column creatinine_first. Extra column not created.
2026-04-19 18:46:22,188 | INFO | Guidance: There are no missing values in column bilirubin_max. Extra column not created.
2026-04-19 18:46:22,468 | INFO | Guidance: There are no missing values in column bilirubin_min. Extra column not created.
2026-04-19 18:46:22,850 | INFO | Guidance: There are no missing values in column bilirubin_mean. Extra column not created.
2026-04-19 18:46:23,357 | INFO | Guidance: There are no missing values in column bilirubin_first. Extra column not created.
2026-04-19 18:46:23,753 | INFO | Guidance: There are no missing values in column alt_max. Extra column not created.
2026-04-19 18:46:23,962 | INFO | Guidance: There are no missing values in column alt_min. Extra column not created.
2026-04-19 18:46:24,207 | INFO | Guidance: There are no missing values in column alt_mean. Extra column not created.
2026-04-19 18:46:24,549 | INFO | Guidance: There are no missing values in column alt_first. Extra column not created.
2026-04-19 18:46:25,185 | INFO | Guidance: There are no missing values in column ast_max. Extra column not created.
2026-04-19 18:46:25,440 | INFO | Guidance: There are no missing values in column ast_min. Extra column not created.
2026-04-19 18:46:25,796 | INFO | Guidance: There are no missing values in column ast_mean. Extra column not created.
2026-04-19 18:46:25,988 | INFO | Guidance: There are no missing values in column ast_first. Extra column not created.
2026-04-19 18:46:26,147 | INFO | Guidance: There are no missing values in column glucose_max. Extra column not created.
2026-04-19 18:46:26,601 | INFO | Guidance: There are no missing values in column glucose_min. Extra column not created.
2026-04-19 18:46:27,009 | INFO | Guidance: There are no missing values in column glucose_mean. Extra column not created.
2026-04-19 18:46:27,440 | INFO | Guidance: There are no missing values in column glucose_first. Extra column not created.
2026-04-19 18:46:27,802 | INFO | Guidance: There are no missing values in column anc_max. Extra column not created.
2026-04-19 18:46:28,210 | INFO | Guidance: There are no missing values in column anc_min. Extra column not created.
2026-04-19 18:46:28,606 | INFO | Guidance: There are no missing values in column anc_mean. Extra column not created.
2026-04-19 18:46:29,020 | INFO | Guidance: There are no missing values in column anc_first. Extra column not created.
2026-04-19 18:46:29,411 | INFO | Guidance: There are no missing values in column alc_max. Extra column not created.
2026-04-19 18:46:29,796 | INFO | Guidance: There are no missing values in column alc_min. Extra column not created.
2026-04-19 18:46:30,221 | INFO | Guidance: There are no missing values in column alc_mean. Extra column not created.
2026-04-19 18:46:30,575 | INFO | Guidance: There are no missing values in column alc_first. Extra column not created.
2026-04-19 18:46:30,980 | INFO | Guidance: There are no missing values in column wbc_max. Extra column not created.
2026-04-19 18:46:31,353 | INFO | Guidance: There are no missing values in column wbc_min. Extra column not created.
2026-04-19 18:46:31,713 | INFO | Guidance: There are no missing values in column wbc_mean. Extra column not created.
2026-04-19 18:46:32,101 | INFO | Guidance: There are no missing values in column wbc_first. Extra column not created.
2026-04-19 18:46:32,470 | INFO | Guidance: There are no missing values in column ph_max. Extra column not created.
2026-04-19 18:46:32,906 | INFO | Guidance: There are no missing values in column ph_min. Extra column not created.
2026-04-19 18:46:33,300 | INFO | Guidance: There are no missing values in column ph_mean. Extra column not created.
2026-04-19 18:46:33,668 | INFO | Guidance: There are no missing values in column ph_first. Extra column not created.
2026-04-19 18:46:34,038 | INFO | Guidance: There are no missing values in column pco2_max. Extra column not created.
2026-04-19 18:46:34,389 | INFO | Guidance: There are no missing values in column pco2_min. Extra column not created.
2026-04-19 18:46:34,717 | INFO | Guidance: There are no missing values in column pco2_mean. Extra column not created.
2026-04-19 18:46:35,060 | INFO | Guidance: There are no missing values in column pco2_first. Extra column not created.
2026-04-19 18:46:35,410 | INFO | Guidance: There are no missing values in column pao2_max. Extra column not created.
2026-04-19 18:46:35,804 | INFO | Guidance: There are no missing values in column pao2_min. Extra column not created.
2026-04-19 18:46:36,189 | INFO | Guidance: There are no missing values in column pao2_mean. Extra column not created.
2026-04-19 18:46:36,555 | INFO | Guidance: There are no missing values in column pao2_first. Extra column not created.
2026-04-19 18:46:36,902 | INFO | Guidance: There are no missing values in column base_excess_max. Extra column not created.
2026-04-19 18:46:37,300 | INFO | Guidance: There are no missing values in column base_excess_min. Extra column not created.
2026-04-19 18:46:37,695 | INFO | Guidance: There are no missing values in column base_excess_mean. Extra column not created.
2026-04-19 18:46:38,069 | INFO | Guidance: There are no missing values in column base_excess_first. Extra column not created.
2026-04-19 18:46:38,422 | INFO | Guidance: There are no missing values in column bicarbonate_max. Extra column not created.
2026-04-19 18:46:38,807 | INFO | Guidance: There are no missing values in column bicarbonate_min. Extra column not created.
2026-04-19 18:46:39,137 | INFO | Guidance: There are no missing values in column bicarbonate_mean. Extra column not created.
2026-04-19 18:46:39,510 | INFO | Guidance: There are no missing values in column bicarbonate_first. Extra column not created.
2026-04-19 18:46:39,854 | INFO | Guidance: There are no missing values in column anion_gap_max. Extra column not created.
2026-04-19 18:46:40,194 | INFO | Guidance: There are no missing values in column anion_gap_min. Extra column not created.
2026-04-19 18:46:40,538 | INFO | Guidance: There are no missing values in column anion_gap_mean. Extra column not created.
2026-04-19 18:46:40,872 | INFO | Guidance: There are no missing values in column anion_gap_first. Extra column not created.
2026-04-19 18:46:41,239 | INFO | Guidance: There are no missing values in column spo2_lab_max. Extra column not created.
2026-04-19 18:46:41,553 | INFO | Guidance: There are no missing values in column spo2_lab_min. Extra column not created.
2026-04-19 18:46:42,007 | INFO | Guidance: There are no missing values in column spo2_lab_mean. Extra column not created.
2026-04-19 18:46:42,371 | INFO | Guidance: There are no missing values in column spo2_lab_first. Extra column not created.
2026-04-19 18:46:42,733 | INFO | Guidance: There are no missing values in column hemoglobin_max. Extra column not created.
2026-04-19 18:46:43,090 | INFO | Guidance: There are no missing values in column hemoglobin_min. Extra column not created.
2026-04-19 18:46:43,439 | INFO | Guidance: There are no missing values in column hemoglobin_mean. Extra column not created.
2026-04-19 18:46:43,777 | INFO | Guidance: There are no missing values in column hemoglobin_first. Extra column not created.
2026-04-19 18:46:44,137 | INFO | Guidance: There are no missing values in column hematocrit_max. Extra column not created.
2026-04-19 18:46:44,482 | INFO | Guidance: There are no missing values in column hematocrit_min. Extra column not created.
2026-04-19 18:46:44,815 | INFO | Guidance: There are no missing values in column hematocrit_mean. Extra column not created.
2026-04-19 18:46:45,169 | INFO | Guidance: There are no missing values in column hematocrit_first. Extra column not created.
2026-04-19 18:46:45,531 | INFO | Guidance: There are no missing values in column pt_max. Extra column not created.
2026-04-19 18:46:45,897 | INFO | Guidance: There are no missing values in column pt_min. Extra column not created.
2026-04-19 18:46:46,236 | INFO | Guidance: There are no missing values in column pt_mean. Extra column not created.
2026-04-19 18:46:46,595 | INFO | Guidance: There are no missing values in column pt_first. Extra column not created.
2026-04-19 18:46:46,935 | INFO | Guidance: There are no missing values in column ptt_max. Extra column not created.
2026-04-19 18:46:47,272 | INFO | Guidance: There are no missing values in column ptt_min. Extra column not created.
2026-04-19 18:46:47,666 | INFO | Guidance: There are no missing values in column ptt_mean. Extra column not created.
2026-04-19 18:46:48,035 | INFO | Guidance: There are no missing values in column ptt_first. Extra column not created.
2026-04-19 18:46:48,397 | INFO | Guidance: There are no missing values in column sodium_max. Extra column not created.
2026-04-19 18:46:48,750 | INFO | Guidance: There are no missing values in column sodium_min. Extra column not created.
2026-04-19 18:46:49,089 | INFO | Guidance: There are no missing values in column sodium_mean. Extra column not created.
2026-04-19 18:46:49,419 | INFO | Guidance: There are no missing values in column sodium_first. Extra column not created.
2026-04-19 18:46:49,783 | INFO | Guidance: There are no missing values in column potassium_max. Extra column not created.
2026-04-19 18:46:50,141 | INFO | Guidance: There are no missing values in column potassium_min. Extra column not created.
2026-04-19 18:46:50,478 | INFO | Guidance: There are no missing values in column potassium_mean. Extra column not created.
2026-04-19 18:46:50,814 | INFO | Guidance: There are no missing values in column potassium_first. Extra column not created.
2026-04-19 18:46:51,174 | INFO | Guidance: There are no missing values in column calcium_max. Extra column not created.
2026-04-19 18:46:51,526 | INFO | Guidance: There are no missing values in column calcium_min. Extra column not created.
2026-04-19 18:46:51,863 | INFO | Guidance: There are no missing values in column calcium_mean. Extra column not created.
2026-04-19 18:46:52,215 | INFO | Guidance: There are no missing values in column calcium_first. Extra column not created.
2026-04-19 18:46:52,549 | INFO | Guidance: There are no missing values in column albumin_max. Extra column not created.
2026-04-19 18:46:52,890 | INFO | Guidance: There are no missing values in column albumin_min. Extra column not created.
2026-04-19 18:46:53,271 | INFO | Guidance: There are no missing values in column albumin_mean. Extra column not created.
2026-04-19 18:46:53,667 | INFO | Guidance: There are no missing values in column albumin_first. Extra column not created.
2026-04-19 18:46:54,027 | INFO | Guidance: There are no missing values in column crp_max. Extra column not created.
2026-04-19 18:46:54,386 | INFO | Guidance: There are no missing values in column crp_min. Extra column not created.
2026-04-19 18:46:54,723 | INFO | Guidance: There are no missing values in column crp_mean. Extra column not created.
2026-04-19 18:46:55,078 | INFO | Guidance: There are no missing values in column crp_first. Extra column not created.
2026-04-19 18:46:55,429 | INFO | Guidance: There are no missing values in column ldh_max. Extra column not created.
2026-04-19 18:46:55,759 | INFO | Guidance: There are no missing values in column ldh_min. Extra column not created.
2026-04-19 18:46:56,111 | INFO | Guidance: There are no missing values in column ldh_mean. Extra column not created.
2026-04-19 18:46:56,452 | INFO | Guidance: There are no missing values in column ldh_first. Extra column not created.
2026-04-19 18:46:56,785 | INFO | Guidance: There are no missing values in column urea_max. Extra column not created.
2026-04-19 18:46:57,127 | INFO | Guidance: There are no missing values in column urea_min. Extra column not created.
2026-04-19 18:46:57,469 | INFO | Guidance: There are no missing values in column urea_mean. Extra column not created.
2026-04-19 18:46:57,786 | INFO | Guidance: There are no missing values in column urea_first. Extra column not created.
2026-04-19 18:46:58,151 | INFO | Guidance: There are no missing values in column uric_acid_max. Extra column not created.
2026-04-19 18:46:58,492 | INFO | Guidance: There are no missing values in column uric_acid_min. Extra column not created.
2026-04-19 18:46:58,862 | INFO | Guidance: There are no missing values in column uric_acid_mean. Extra column not created.
2026-04-19 18:46:59,203 | INFO | Guidance: There are no missing values in column uric_acid_first. Extra column not created.
2026-04-19 18:46:59,547 | INFO | Guidance: There are no missing values in column ck_max. Extra column not created.
2026-04-19 18:46:59,741 | INFO | Guidance: There are no missing values in column ck_min. Extra column not created.
2026-04-19 18:46:59,949 | INFO | Guidance: There are no missing values in column ck_mean. Extra column not created.
2026-04-19 18:47:00,217 | INFO | Guidance: There are no missing values in column ck_first. Extra column not created.
2026-04-19 18:47:00,394 | INFO | Guidance: There are no missing values in column spo2_max. Extra column not created.
2026-04-19 18:47:00,464 | INFO | Guidance: There are no missing values in column spo2_min. Extra column not created.
2026-04-19 18:47:00,669 | INFO | Guidance: There are no missing values in column spo2_mean. Extra column not created.
2026-04-19 18:47:00,944 | INFO | Guidance: There are no missing values in column spo2_first. Extra column not created.
2026-04-19 18:47:01,225 | INFO | Guidance: There are no missing values in column systolic_bp_max. Extra column not created.
2026-04-19 18:47:01,627 | INFO | Guidance: There are no missing values in column systolic_bp_min. Extra column not created.
2026-04-19 18:47:02,065 | INFO | Guidance: There are no missing values in column systolic_bp_mean. Extra column not created.
2026-04-19 18:47:02,434 | INFO | Guidance: There are no missing values in column systolic_bp_first. Extra column not created.
2026-04-19 18:47:02,773 | INFO | Guidance: There are no missing values in column diastolic_bp_max. Extra column not created.
2026-04-19 18:47:03,161 | INFO | Guidance: There are no missing values in column diastolic_bp_min. Extra column not created.
2026-04-19 18:47:03,536 | INFO | Guidance: There are no missing values in column diastolic_bp_mean. Extra column not created.
2026-04-19 18:47:03,884 | INFO | Guidance: There are no missing values in column diastolic_bp_first. Extra column not created.
2026-04-19 18:47:04,261 | INFO | Guidance: There are no missing values in column heart_rate_max. Extra column not created.
2026-04-19 18:47:04,611 | INFO | Guidance: There are no missing values in column heart_rate_min. Extra column not created.
2026-04-19 18:47:04,976 | INFO | Guidance: There are no missing values in column heart_rate_mean. Extra column not created.
2026-04-19 18:47:05,362 | INFO | Guidance: There are no missing values in column heart_rate_first. Extra column not created.
2026-04-19 18:47:05,771 | INFO | Guidance: There are no missing values in column resp_rate_max. Extra column not created.
2026-04-19 18:47:06,148 | INFO | Guidance: There are no missing values in column resp_rate_min. Extra column not created.
2026-04-19 18:47:06,541 | INFO | Guidance: There are no missing values in column resp_rate_mean. Extra column not created.
2026-04-19 18:47:06,894 | INFO | Guidance: There are no missing values in column resp_rate_first. Extra column not created.
2026-04-19 18:47:07,248 | INFO | Guidance: There are no missing values in column temperature_max. Extra column not created.
2026-04-19 18:47:07,605 | INFO | Guidance: There are no missing values in column temperature_min. Extra column not created.
2026-04-19 18:47:07,976 | INFO | Guidance: There are no missing values in column temperature_mean. Extra column not created.
2026-04-19 18:47:08,334 | INFO | Guidance: There are no missing values in column temperature_first. Extra column not created.
2026-04-19 18:47:08,888 | INFO | Guidance: There are no missing values in column map_max. Extra column not created.
2026-04-19 18:47:09,304 | INFO | Guidance: There are no missing values in column map_min. Extra column not created.
2026-04-19 18:47:09,786 | INFO | Guidance: There are no missing values in column map_mean. Extra column not created.
2026-04-19 18:47:10,261 | INFO | Guidance: There are no missing values in column map_first. Extra column not created.
2026-04-19 18:47:10,702 | INFO | Guidance: There are no missing values in column shock_index. Extra column not created.
2026-04-19 18:47:11,076 | INFO | Guidance: There are no missing values in column lactate_trend. Extra column not created.
2026-04-19 18:47:11,427 | INFO | Guidance: There are no missing values in column platelets_trend. Extra column not created.
2026-04-19 18:47:11,895 | INFO | Guidance: There are no missing values in column creatinine_trend. Extra column not created.
2026-04-19 18:47:12,198 | INFO | Guidance: There are no missing values in column bilirubin_trend. Extra column not created.
2026-04-19 18:47:12,557 | INFO | Guidance: There are no missing values in column inr_trend. Extra column not created.
2026-04-19 18:47:12,943 | INFO | Guidance: There are no missing values in column wbc_trend. Extra column not created.
2026-04-19 18:47:13,295 | INFO | Guidance: There are no missing values in column hemoglobin_trend. Extra column not created.
2026-04-19 18:47:13,655 | INFO | Guidance: There are no missing values in column glucose_trend. Extra column not created.
2026-04-19 18:47:13,999 | INFO | Guidance: There are no missing values in column ph_trend. Extra column not created.
2026-04-19 18:47:14,432 | INFO | Guidance: There are no missing values in column base_excess_trend. Extra column not created.
2026-04-19 18:47:14,787 | INFO | Guidance: There are no missing values in column sodium_trend. Extra column not created.
2026-04-19 18:47:15,170 | INFO | Guidance: There are no missing values in column potassium_trend. Extra column not created.
2026-04-19 18:47:15,546 | INFO | Guidance: There are no missing values in column heart_rate_trend. Extra column not created.
2026-04-19 18:47:15,927 | INFO | Guidance: There are no missing values in column resp_rate_trend. Extra column not created.
2026-04-19 18:47:16,274 | INFO | Guidance: There are no missing values in column temperature_trend. Extra column not created.
2026-04-19 18:47:16,695 | INFO | Guidance: There are no missing values in column spo2_trend. Extra column not created.
2026-04-19 18:47:16,886 | INFO | Guidance: There are no missing values in column urine_output_total_ml. Extra column not created.
2026-04-19 18:47:17,030 | INFO | Guidance: There are no missing values in column urine_output_per_hour. Extra column not created.
2026-04-19 18:47:17,157 | INFO | Guidance: There are no missing values in column fluid_input_total_ml. Extra column not created.
2026-04-19 18:47:17,534 | INFO | Guidance: There are no missing values in column fluid_balance_ml. Extra column not created.
2026-04-19 18:47:17,909 | INFO | Guidance: There are no missing values in column n_antibiotics_24h. Extra column not created.
2026-04-19 18:47:18,152 | INFO | Guidance: There are no missing values in column n_cultures_24h. Extra column not created.
2026-04-19 18:47:18,422 | INFO | Guidance: There are no missing values in column n_positive_cultures. Extra column not created.
2026-04-19 19:23:36,786 | INFO | 
  CTGAN training complete in 37.8 minutes
2026-04-19 19:23:37,275 | INFO |   CTGAN model saved -> D:\Projects\pediatric-sepsis-PIC\model_datasets\synthetic\ctgan_model.pkl
2026-04-19 19:23:37,275 | INFO | 
============================================================
2026-04-19 19:23:37,275 | INFO | STEP 4 — Generating synthetic patients
2026-04-19 19:23:37,276 | INFO | ============================================================
2026-04-19 19:23:37,276 | INFO |   Generating 10,000 synthetic patients...
2026-04-19 19:23:42,901 | INFO |   Generation complete in 0.1 minutes
2026-04-19 19:23:42,901 | INFO |   Synthetic dataset shape: (10000, 226)
2026-04-19 19:23:42,901 | INFO | 
============================================================
2026-04-19 19:23:42,902 | INFO | STEP 5 — Post-processing synthetic data
2026-04-19 19:23:42,902 | INFO | ============================================================
2026-04-19 19:23:43,442 | INFO |   Synthetic prevalence  : 29.9% (real: 27.3%)
2026-04-19 19:23:43,442 | INFO |   Prevalence difference : 2.60 percentage points
2026-04-19 19:23:43,442 | INFO |   Prevalence check: PASSED
2026-04-19 19:23:43,462 | INFO |   Missing values in synthetic data: 0
2026-04-19 19:23:43,463 | INFO | 
============================================================
2026-04-19 19:23:43,463 | INFO | STEP 6 — Saving synthetic dataset
2026-04-19 19:23:43,464 | INFO | ============================================================
2026-04-19 19:23:47,680 | INFO |   Synthetic data saved -> D:\Projects\pediatric-sepsis-PIC\model_datasets\synthetic\B_synthetic_train.csv
2026-04-19 19:23:47,681 | INFO |   Shape: (10000, 226)
2026-04-19 19:23:47,681 | INFO |   File size: 33.1 MB
2026-04-19 19:23:47,681 | INFO | 
============================================================
2026-04-19 19:23:47,682 | INFO | STEP 7 — Validation (KS tests + figures)
2026-04-19 19:23:47,682 | INFO | ============================================================
2026-04-19 19:24:03,016 | INFO |   KS results saved -> D:\Projects\pediatric-sepsis-PIC\model_datasets\synthetic\ks_validation_results.csv
2026-04-19 19:24:03,036 | INFO | 
  KS SUMMARY (continuous features only):
2026-04-19 19:24:03,149 | INFO |     KS 0.05–0.10 (ok)   : 8 features
2026-04-19 19:24:03,149 | INFO |     KS > 0.10 (concern) : 176 features
2026-04-19 19:24:03,150 | INFO | 
  Top 10 worst features (most different from real):
2026-04-19 19:24:03,150 | INFO |     spo2_max                                 KS=0.7747
2026-04-19 19:24:03,150 | INFO |     spo2_trend                               KS=0.7663
2026-04-19 19:24:03,152 | INFO |     alt_mean                                 KS=0.7377
2026-04-19 19:24:03,152 | INFO |     fibrinogen_mean                          KS=0.7051
2026-04-19 19:24:03,153 | INFO |     temperature_min                          KS=0.6746
2026-04-19 19:24:03,153 | INFO |     fluid_balance_ml                         KS=0.6656
2026-04-19 19:24:03,154 | INFO |     creatinine_mean                          KS=0.6342
2026-04-19 19:24:03,154 | INFO |     ast_mean                                 KS=0.5897
2026-04-19 19:24:03,155 | INFO |     fibrinogen_min                           KS=0.5818
2026-04-19 19:24:03,155 | INFO |     temperature_max                          KS=0.5804
2026-04-19 19:24:03,156 | INFO | 
  Generating validation figures...
2026-04-19 19:24:15,145 | INFO |   Saved -> D:\Projects\pediatric-sepsis-PIC\model_datasets\synthetic\figures\distribution_comparison_key_features.png
2026-04-19 19:24:16,119 | INFO |   Saved -> D:\Projects\pediatric-sepsis-PIC\model_datasets\synthetic\figures\ks_statistic_summary.png
2026-04-19 19:24:16,667 | INFO |   Saved -> D:\Projects\pediatric-sepsis-PIC\model_datasets\synthetic\figures\class_distribution_comparison.png
2026-04-19 19:24:16,668 | INFO | 
  Generation metadata saved -> D:\Projects\pediatric-sepsis-PIC\model_datasets\synthetic\generation_metadata.json
2026-04-19 19:24:16,669 | INFO | 
======================================================================
2026-04-19 19:24:16,669 | INFO | SYNTHETIC DATA GENERATION COMPLETE
2026-04-19 19:24:16,669 | INFO | ======================================================================
2026-04-19 19:24:16,669 | INFO |   Real training patients  : 2,530
2026-04-19 19:24:16,669 | INFO |   Synthetic patients      : 10,000
2026-04-19 19:24:16,670 | INFO |   Real prevalence         : 27.3%
2026-04-19 19:24:16,670 | INFO |   Synthetic prevalence    : 29.9%
2026-04-19 19:24:16,670 | INFO |   CTGAN training time     : 37.8 min
2026-04-19 19:24:16,670 | INFO |   Generation time         : 0.1 min
2026-04-19 19:24:16,670 | INFO |   Total runtime           : 38.5 min
2026-04-19 19:24:16,671 | INFO | 
  Output files:
2026-04-19 19:24:16,671 | INFO |     Synthetic data -> D:\Projects\pediatric-sepsis-PIC\model_datasets\synthetic\B_synthetic_train.csv
2026-04-19 19:24:16,671 | INFO |     CTGAN model    -> D:\Projects\pediatric-sepsis-PIC\model_datasets\synthetic\ctgan_model.pkl
2026-04-19 19:24:16,671 | INFO |     Metadata       -> D:\Projects\pediatric-sepsis-PIC\model_datasets\synthetic\generation_metadata.json
2026-04-19 19:24:16,671 | INFO |     Figures        -> D:\Projects\pediatric-sepsis-PIC\model_datasets\synthetic\figures
2026-04-19 19:24:16,672 | INFO |     Log            -> D:\Projects\pediatric-sepsis-PIC\model_datasets\synthetic\logs\generate_synthetic_data.log
2026-04-19 19:24:16,672 | INFO | 
2026-04-19 19:24:16,672 | INFO |   Next steps:
2026-04-19 19:24:16,673 | INFO |     python sepsis_ml/synthetic/catboost/synthetic_catboost.py
2026-04-19 19:24:16,673 | INFO |     python sepsis_ml/synthetic/stacking/synthetic_stacking.py
2026-04-19 19:24:16,673 | INFO | ======================================================================
