2026-04-20 16:25:05,393  =================================================================
2026-04-20 16:25:05,393  EXPERIMENT B — CATBOOST OPTUNA TUNING ON SYNTHETIC DATA
2026-04-20 16:25:05,393  Started: 2026-04-20T16:25:05
2026-04-20 16:25:05,393  Trials: 100  |  CV folds: 5  |  Metric: AUPRC
2026-04-20 16:25:05,393  =================================================================
2026-04-20 16:25:05,393  
Device detection:
2026-04-20 16:25:05,988    Apple Silicon MPS detected.
2026-04-20 16:25:05,988    CatBoost does NOT support MPS. Using CPU (still fast).
2026-04-20 16:25:05,989  
Loading datasets...
2026-04-20 16:25:06,131    Synthetic train : (10000, 226) | Sepsis: 27.3%
2026-04-20 16:25:06,131    Real test       : (633, 226)  | Sepsis: 27.3%
2026-04-20 16:25:06,131    Features        : 225
2026-04-20 16:25:06,131  
2026-04-20 16:25:06,131    IMPORTANT: Training and tuning on SYNTHETIC data only.
2026-04-20 16:25:06,131    Evaluation on REAL held-out test set (never synthesised).
2026-04-20 16:25:06,131  
Loading real-trained CatBoost for comparison...
2026-04-20 16:25:06,202    Real-trained CatBoost: AUROC=0.9868  AUPRC=0.9691
2026-04-20 16:25:06,202  
Starting Optuna study (100 trials)...
2026-04-20 16:25:06,202  Searching identical space to Phase 2 (real-data tuning).
2026-04-20 16:25:06,202  Progress printed on every new best and every 10 trials.

2026-04-20 16:25:27,582    Trial   0 NEW BEST: AUPRC=0.9988  params={'iterations': 687, 'learning_rate': 0.2536999076681772, 'depth': 9, 'l2_leaf_reg': 6.387926357773329, 'bagging_temperature': 0.15601864044243652, 'random_strength': 0.3119890406724053, 'border_count': 45, 'class_weight_pos': 4.531616510212273}
2026-04-20 16:25:40,109    Trial   1 NEW BEST: AUPRC=0.9996  params={'iterations': 982, 'learning_rate': 0.11114989443094977, 'depth': 4, 'l2_leaf_reg': 9.72918866945795, 'bagging_temperature': 0.8324426408004217, 'random_strength': 0.4246782213565523, 'border_count': 72, 'class_weight_pos': 2.1419157844870185}
2026-04-20 16:26:18,613    Trial   3 NEW BEST: AUPRC=0.9997  params={'iterations': 793, 'learning_rate': 0.14447746112718687, 'depth': 5, 'l2_leaf_reg': 5.628109945722504, 'bagging_temperature': 0.5924145688620425, 'random_strength': 0.09290082543999545, 'border_count': 168, 'class_weight_pos': 2.0968344329055206}
