2026-04-22 12:59:18,263  ====================================================================
2026-04-22 12:59:18,263  EXPERIMENT D — WEIGHTED HYBRID CATBOOST  (real weight=4)
2026-04-22 12:59:18,263  Started : 2026-04-22T12:59:18
2026-04-22 12:59:18,263  Trials  : 10  |  CV folds: 5  |  Metric: AUPRC
2026-04-22 12:59:18,263  Weights : real=4  synthetic=1.0
2026-04-22 12:59:18,263  ====================================================================
2026-04-22 12:59:18,263  
Device detection:
2026-04-22 12:59:22,170    Device: CUDA — NVIDIA RTX 4500 Ada Generation
2026-04-22 12:59:22,170  
Loading datasets...
2026-04-22 12:59:22,330    Hybrid train  : (12530, 226) | Sepsis: 27.3%
2026-04-22 12:59:22,330      -> Real rows   : 2,530  (weight=4  influence=10,120  50.3% of total)
2026-04-22 12:59:22,330      -> Synth rows  : 10,000  (weight=1.0  influence=10,000  49.7% of total)
2026-04-22 12:59:22,330    Real test     : (633, 226)  | Sepsis: 27.3%
2026-04-22 12:59:22,330    Features      : 225
2026-04-22 12:59:22,330  
Loading comparison baselines...
2026-04-22 12:59:22,368    Real-trained (A)    : AUROC=0.9868  AUPRC=0.9691
2026-04-22 12:59:22,387    Synth-trained (B)   : AUROC=0.9290  AUPRC=0.8693
2026-04-22 12:59:22,387    Hybrid (C)          : AUROC=0.9659  AUPRC=0.9238
2026-04-22 12:59:22,387  
Starting Optuna study (10 trials)...
2026-04-22 12:59:22,387  Note: CV val folds are unweighted for unbiased AUPRC estimates.

2026-04-22 13:00:56,460    Trial  0 NEW BEST: AUPRC=0.9850  params={'iterations': 687, 'learning_rate': 0.2536999076681772, 'depth': 9, 'l2_leaf_reg': 6.387926357773329, 'bagging_temperature': 0.15601864044243652, 'random_strength': 0.3119890406724053, 'border_count': 45, 'class_weight_pos': 4.531616510212273}
2026-04-22 13:02:39,592    Trial  1 NEW BEST: AUPRC=0.9859  params={'iterations': 982, 'learning_rate': 0.11114989443094977, 'depth': 4, 'l2_leaf_reg': 9.72918866945795, 'bagging_temperature': 0.8324426408004217, 'random_strength': 0.4246782213565523, 'border_count': 72, 'class_weight_pos': 2.1419157844870185}
2026-04-22 13:04:36,389    Trial  2 NEW BEST: AUPRC=0.9862  params={'iterations': 595, 'learning_rate': 0.05958389350068958, 'depth': 7, 'l2_leaf_reg': 3.6210622617823773, 'bagging_temperature': 0.6118528947223795, 'random_strength': 0.27898772130408367, 'border_count': 97, 'class_weight_pos': 2.7822664515279207}
2026-04-22 13:06:01,965    Trial  3: AUPRC=0.9858  (best: 0.9862)
2026-04-22 13:06:21,997    Trial  4: AUPRC=0.9857  (best: 0.9862)
2026-04-22 13:06:32,318    Trial  5: AUPRC=0.9834  (best: 0.9862)
2026-04-22 13:23:37,225    Trial  6: AUPRC=0.9855  (best: 0.9862)
2026-04-22 13:23:47,023    Trial  7: AUPRC=0.9711  (best: 0.9862)
2026-04-22 13:24:49,680    Trial  8: AUPRC=0.9810  (best: 0.9862)
2026-04-22 13:25:01,236    Trial  9 NEW BEST: AUPRC=0.9881  params={'iterations': 207, 'learning_rate': 0.1601531217136121, 'depth': 8, 'l2_leaf_reg': 7.561064512368886, 'bagging_temperature': 0.7712703466859457, 'random_strength': 0.14808930346818072, 'border_count': 112, 'class_weight_pos': 1.905541708337954}
2026-04-22 13:25:01,236  
  Optuna complete.
2026-04-22 13:25:01,236    Best CV AUPRC : 0.9881
2026-04-22 13:25:01,236    Best params   : {'iterations': 207, 'learning_rate': 0.1601531217136121, 'depth': 8, 'l2_leaf_reg': 7.561064512368886, 'bagging_temperature': 0.7712703466859457, 'random_strength': 0.14808930346818072, 'border_count': 112, 'class_weight_pos': 1.905541708337954}
2026-04-22 13:25:01,264  
Training final model on full weighted hybrid set...
2026-04-22 13:25:03,123  
Evaluating on real held-out test set (n=633)...
2026-04-22 13:25:03,889  
  ==========================================================
2026-04-22 13:25:03,889    WEIGHTED HYBRID CATBOOST — TEST SET RESULTS
2026-04-22 13:25:03,889    ==========================================================
2026-04-22 13:25:03,889    AUROC : 0.9776 [0.9673–0.9863]
2026-04-22 13:25:03,889    AUPRC : 0.9496 [0.9261–0.9687]
2026-04-22 13:25:03,889    Sens  : 0.9075  Spec: 0.9261  F1: 0.8626
2026-04-22 13:25:03,889    PPV   : 0.8220  NPV: 0.9638  Brier: 0.0523
2026-04-22 13:25:03,889    TP=157  FP=34  TN=426  FN=16
2026-04-22 13:25:03,889  
  DeLong test (weighted hybrid vs real-trained):
2026-04-22 13:25:03,893      Weighted Hybrid AUROC : 0.9776
2026-04-22 13:25:03,893      Real-trained AUROC    : 0.9868
2026-04-22 13:25:03,893      Z-statistic           : -3.3728
2026-04-22 13:25:03,893      P-value               : 0.0007
2026-04-22 13:25:03,893      Significant           : YES (p<0.05)
2026-04-22 13:25:03,893  
  DeLong test (weighted hybrid vs unweighted hybrid):
2026-04-22 13:25:03,893      Weighted Hybrid AUROC   : 0.9776
2026-04-22 13:25:03,895      Unweighted Hybrid AUROC : 0.9659
2026-04-22 13:25:03,895      Z-statistic             : 3.5051
2026-04-22 13:25:03,895      P-value                 : 0.0005
2026-04-22 13:25:03,895      Significant             : YES (p<0.05)
2026-04-22 13:25:03,902  
  Model saved   -> D:\pediatric-sepsis-PIC\sepsis_ml\synthetic\whybrid\models\weighted_hybrid_catboost_tuned.cbm
2026-04-22 13:25:03,902    Metrics saved -> D:\pediatric-sepsis-PIC\sepsis_ml\synthetic\whybrid\results\whybrid_catboost_metrics.json
2026-04-22 13:25:03,902  
--- Generating figures ---
2026-04-22 13:25:04,415    Saved -> D:\pediatric-sepsis-PIC\sepsis_ml\synthetic\whybrid\figures\whybrid_optuna_optimization_history.png
2026-04-22 13:25:04,786    Saved -> D:\pediatric-sepsis-PIC\sepsis_ml\synthetic\whybrid\figures\whybrid_four_way_roc_pr.png
2026-04-22 13:25:04,948    Saved -> D:\pediatric-sepsis-PIC\sepsis_ml\synthetic\whybrid\figures\whybrid_cm.png
2026-04-22 13:25:05,449    Saved -> D:\pediatric-sepsis-PIC\sepsis_ml\synthetic\whybrid\figures\whybrid_threshold_sensitivity_analysis.png
2026-04-22 13:25:05,449  
  Threshold sensitivity analysis:
2026-04-22 13:25:05,449      Target   Thresh    Sens    Spec     PPV     NPV      F1    TP    FP    FN
2026-04-22 13:25:05,449    ---------------------------------------------------------------------------
2026-04-22 13:25:05,449        0.80   0.5506  0.8266  0.9761  0.9286  0.9374  0.8746   143    11    30
2026-04-22 13:25:05,449        0.82   0.5506  0.8266  0.9761  0.9286  0.9374  0.8746   143    11    30
2026-04-22 13:25:05,449        0.85   0.3878  0.8555  0.9522  0.8706  0.9460  0.8630   148    22    25
2026-04-22 13:25:05,449        0.87   0.3624  0.8728  0.9413  0.8483  0.9516  0.8604   151    27    22
2026-04-22 13:25:05,449        0.90   0.2735  0.9075  0.9261  0.8220  0.9638  0.8626   157    34    16
2026-04-22 13:25:05,449        0.92   0.1861  0.9249  0.8978  0.7729  0.9695  0.8421   160    47    13
2026-04-22 13:25:05,449        0.95   0.1590  0.9595  0.8891  0.7650  0.9832  0.8513   166    51     7
