2026-07-15 23:53:27,195 | INFO | ======================================================================
2026-07-15 23:53:27,196 | INFO | CBFTTS-SA HYBRID (WEIGHTED SYNTHETIC) — EXTENDED EVALUATION
2026-07-15 23:53:27,197 | INFO | DCA | Subgroup-by-age | Clinical threshold sensitivity
2026-07-15 23:53:27,197 | INFO | Started: 2026-07-15 23:53:27
2026-07-15 23:53:27,198 | INFO | ======================================================================
2026-07-15 23:53:27,204 | INFO | Loaded ensemble predictions: n=633, prevalence=27.3%
2026-07-15 23:53:27,223 | INFO | Ensemble AUROC (sanity check): 0.9786
2026-07-15 23:53:27,708 | INFO | Recommended threshold (targeting 90% sensitivity): 0.2327
2026-07-15 23:53:27,709 | INFO | 
============================================================
2026-07-15 23:53:27,710 | INFO | STEP 1 — Decision Curve Analysis
2026-07-15 23:53:27,710 | INFO | ============================================================
2026-07-15 23:53:32,974 | INFO |   Saved -> cbftts_sa_hybrid_dca.png
2026-07-15 23:53:33,052 | INFO |   Net benefit > 0 across thresholds 0.01-0.95
2026-07-15 23:53:33,052 | INFO | 
============================================================
2026-07-15 23:53:33,052 | INFO | STEP 2 — Subgroup Analysis by Age Band
2026-07-15 23:53:33,053 | INFO | ============================================================
2026-07-15 23:53:34,212 | INFO |   Saved -> cbftts_sa_hybrid_subgroup_by_age.png
2026-07-15 23:53:34,272 | INFO | 
          age_group   n  sepsis_n  prevalence    auroc    auprc  sensitivity  specificity       f1
    Neonate (0-28d) 102        17    0.166667 0.961246 0.870769     0.764706     0.964706 0.787879
    Infant (29d-1y) 223        64    0.286996 0.982115 0.962471     0.859375     0.962264 0.880000
      Child (1-12y) 289        87    0.301038 0.982702 0.963333     0.965517     0.900990 0.879581
Adolescent (12-18y)  19         5    0.263158 1.000000 1.000000     1.000000     0.928571 0.909091
2026-07-15 23:53:34,273 | INFO | 
============================================================
2026-07-15 23:53:34,274 | INFO | STEP 3 — Clinical Threshold Sensitivity Analysis
2026-07-15 23:53:34,274 | INFO | ============================================================
2026-07-15 23:53:36,371 | INFO |   Saved -> cbftts_sa_hybrid_threshold_sensitivity.png
2026-07-15 23:53:36,378 | INFO | 
   operating_point  target_sensitivity  threshold  sensitivity  specificity    ppv    npv     f1  recommended
   80% Sensitivity                0.80     0.6046       0.8035       0.9783 0.9329 0.9298 0.8634        False
   85% Sensitivity                0.85     0.4020       0.8671       0.9652 0.9036 0.9507 0.8850        False
~90% (recommended)                0.90     0.2327       0.9075       0.9348 0.8396 0.9641 0.8722         True
   92% Sensitivity                0.92     0.1844       0.9249       0.9261 0.8247 0.9704 0.8719        False
   95% Sensitivity                0.95     0.0447       0.9538       0.8522 0.7082 0.9800 0.8128        False
2026-07-15 23:53:36,421 | INFO | 
======================================================================
2026-07-15 23:53:36,422 | INFO | EXTENDED EVALUATION COMPLETE
2026-07-15 23:53:36,422 | INFO |   Results -> D:\Projects\pediatric-sepsis-PIC\sepsis_ml\synthetic\stacking\results
2026-07-15 23:53:36,423 | INFO |   Figures -> D:\Projects\pediatric-sepsis-PIC\sepsis_ml\synthetic\stacking\figures
2026-07-15 23:53:36,423 | INFO | ======================================================================
